// Jest Snapshot v1, https://goo.gl/fbAQLP

exports[`cannot find major from non-present majorId 1`] = `
Object {
  "data": Object {
    "major": null,
  },
  "errors": Array [
    [GraphQLError: connect ECONNREFUSED 127.0.0.1:5432],
  ],
  "extensions": undefined,
  "http": Object {
    "headers": Headers {
      Symbol(map): Object {},
    },
  },
}
`;

exports[`cannot find majorOccurrence from non-present year 1`] = `
Object {
  "data": Object {
    "major": null,
  },
  "errors": Array [
    [GraphQLError: connect ECONNREFUSED 127.0.0.1:5432],
  ],
  "extensions": undefined,
  "http": Object {
    "headers": Headers {
      Symbol(map): Object {},
    },
  },
}
`;

exports[`gets latest occurrence 1`] = `
Object {
  "data": Object {
    "major": null,
  },
  "errors": Array [
    [GraphQLError: connect ECONNREFUSED 127.0.0.1:5432],
  ],
  "extensions": undefined,
  "http": Object {
    "headers": Headers {
      Symbol(map): Object {},
    },
  },
}
`;

exports[`gets major from majorId 1`] = `
Object {
  "data": Object {
    "major": null,
  },
  "errors": Array [
    [GraphQLError: connect ECONNREFUSED 127.0.0.1:5432],
  ],
  "extensions": undefined,
  "http": Object {
    "headers": Headers {
      Symbol(map): Object {},
    },
  },
}
`;

exports[`gets specific occurrence 1`] = `
Object {
  "data": Object {
    "major": null,
  },
  "errors": Array [
    [GraphQLError: connect ECONNREFUSED 127.0.0.1:5432],
  ],
  "extensions": undefined,
  "http": Object {
    "headers": Headers {
      Symbol(map): Object {},
    },
  },
}
`;
