// Jest Snapshot v1, https://goo.gl/fbAQLP

exports[`afterBulkUpdate updates ES 1`] = `
Array [
  "classes",
  Object {
    "neu.edu/202030/CS/2500": Object {
      "class": Object {
        "classId": "2500",
        "host": "neu.edu",
        "name": "Fundamentals of Computer Science 1",
        "nupath": null,
        "subject": "CS",
        "termId": "202030",
      },
      "sections": Array [
        Object {
          "classType": null,
          "crn": "19350",
          "online": false,
          "profs": null,
        },
        Object {
          "classType": null,
          "crn": "19360",
          "online": false,
          "profs": null,
        },
      ],
      "type": "class",
    },
  },
]
`;

exports[`bulkUpsertES upserts to ES 1`] = `
Array [
  "classes",
  Object {
    "neu.edu/202030/CS/2500": Object {
      "class": Object {
        "classId": "2500",
        "host": "neu.edu",
        "name": "Fundamentals of Computer Science 1",
        "nupath": null,
        "subject": "CS",
        "termId": "202030",
      },
      "sections": Array [
        Object {
          "classType": null,
          "crn": "19350",
          "online": false,
          "profs": null,
        },
        Object {
          "classType": null,
          "crn": "19360",
          "online": false,
          "profs": null,
        },
      ],
      "type": "class",
    },
  },
]
`;
